#
# A fatal error has been detected by the Java Runtime Environment:
#
#  EXCEPTION_ACCESS_VIOLATION (0xc0000005) at pc=0x00007ffbd1099b6c, pid=3396, tid=30540
#
# JRE version: OpenJDK Runtime Environment Temurin-21.0.8+9 (21.0.8+9) (build 21.0.8+9-LTS)
# Java VM: OpenJDK 64-Bit Server VM Temurin-21.0.8+9 (21.0.8+9-LTS, mixed mode, sharing, tiered, compressed oops, compressed class ptrs, g1 gc, windows-amd64)
# Problematic frame:
# C  [onnxruntime.dll+0x7b9b6c]
#
# No core dump will be written. Minidumps are not enabled by default on client versions of Windows
#
# If you would like to submit a bug report, please visit:
#   https://github.com/adoptium/adoptium-support/issues
# The crash happened outside the Java Virtual Machine in native code.
# See problematic frame for where to report the bug.
#

---------------  S U M M A R Y ------------

Command Line: -Djava.library.path=C:\Program Files\NVIDIA GPU Computing Toolkit\CUDA\v12.4\bin;C:\Program Files\NVIDIA\CUDNN\v9.12\bin\12.9 -javaagent:C:\Program Files\JetBrains\IntelliJ IDEA Community Edition 2025.2\lib\idea_rt.jar=54809 -Dfile.encoding=UTF-8 -Dsun.stdout.encoding=UTF-8 -Dsun.stderr.encoding=UTF-8 com.securelogx.main.App

Host: Intel(R) Core(TM) Ultra 7 155H, 22 cores, 15G,  Windows 11 , 64 bit Build 26100 (10.0.26100.7019)
Time: Sat Nov 29 20:24:26 2025 Eastern Standard Time elapsed time: 3.630639 seconds (0d 0h 0m 3s)

---------------  T H R E A D  ---------------

Current thread (0x0000024f4c552cf0):  JavaThread "main"             [_thread_in_native, id=30540, stack(0x000000b957300000,0x000000b957400000) (1024K)]

Stack: [0x000000b957300000,0x000000b957400000],  sp=0x000000b9573fa6c0,  free space=1001k
Native frames: (J=compiled Java code, j=interpreted, Vv=VM code, C=native code)
C  [onnxruntime.dll+0x7b9b6c]

Java frames: (J=compiled Java code, j=interpreted, Vv=VM code)
j  ai.onnxruntime.OrtSession.createSession(JJLjava/lang/String;J)J+0
j  ai.onnxruntime.OrtSession.<init>(Lai/onnxruntime/OrtEnvironment;Ljava/lang/String;Lai/onnxruntime/OrtAllocator;Lai/onnxruntime/OrtSession$SessionOptions;)V+14
j  ai.onnxruntime.OrtEnvironment.createSession(Ljava/lang/String;Lai/onnxruntime/OrtAllocator;Lai/onnxruntime/OrtSession$SessionOptions;)Lai/onnxruntime/OrtSession;+15
j  ai.onnxruntime.OrtEnvironment.createSession(Ljava/lang/String;Lai/onnxruntime/OrtSession$SessionOptions;)Lai/onnxruntime/OrtSession;+7
j  com.securelogx.ner.impl.ONNXDynamicInferenceEngine.<init>(Ljava/lang/String;Lcom/securelogx/config/SecureLogXConfig;)V+339
j  com.securelogx.engine.SecureLogX.<init>()V+218
j  com.securelogx.api.SecureLogger.getEngineInstance()Lcom/securelogx/engine/SecureLogX;+21
j  com.securelogx.api.SecureLogger.log(Lcom/securelogx/model/LogLevel;Ljava/lang/String;Z)V+0
j  com.securelogx.slf4j.SecureSlf4jLogger.secure(Ljava/lang/String;Z)V+5
j  com.securelogx.main.App.main([Ljava/lang/String;)V+85
v  ~StubRoutines::call_stub 0x0000024f5e50100d

siginfo: EXCEPTION_ACCESS_VIOLATION (0xc0000005), reading address 0x0000000000000000


Registers:
RAX=0x0000000000000000, RBX=0x0000000000000000, RCX=0x0000000000000000, RDX=0x000000b9573fa718
RSP=0x000000b9573fa6c0, RBP=0x000000b9573fa830, RSI=0x0000024f74b390d8, RDI=0x000000b9573fa7f0
R8 =0x0000024f74b390d8, R9 =0x000000b9573fa7f0, R10=0x0000000000000001, R11=0xfffffffffbd75515
R12=0x0000000000000000, R13=0x000000b9573faa90, R14=0x00007ffbd08e0000, R15=0x000000b9573fb948
RIP=0x00007ffbd1099b6c, EFLAGS=0x0000000000010202

XMM[0]=0x0000000000000000 0xc072c00000000000
XMM[1]=0x0000014c00000006 0x0000007d0000000a
XMM[2]=0x6d69746e7572786e 0x6e6f5c6564756c63
XMM[3]=0x0000000000000001 0x0000000000000268
XMM[4]=0x0000000000000001 0x000000000000026a
XMM[5]=0x622073616820656e 0x6f6e207475622072
XMM[6]=0x0000000000000000 0x0000000000000000
XMM[7]=0xd3bdaae9587f5c0c 0xe890d36c17aa66eb
XMM[8]=0x060e196eb32cd937 0xa9ef25645c52007f
XMM[9]=0x6d93f9f36d93f9f3 0x6d93f9f329583d97
XMM[10]=0x0000000000000000 0x00000000bbc443a4
XMM[11]=0xbfaba418bfaba418 0xbfaba418e903e1af
XMM[12]=0x0000000000000000 0x0000000029583d97
XMM[13]=0x0000000000000000 0x0000000000000000
XMM[14]=0x0000000000000000 0x0000000000000000
XMM[15]=0x0000000000000000 0x0000000000000000
  MXCSR=0x00001fa0


Register to memory mapping:

RAX=0x0 is null
RBX=0x0 is null
RCX=0x0 is null
RDX=0x000000b9573fa718 is pointing into the stack for thread: 0x0000024f4c552cf0
RSP=0x000000b9573fa6c0 is pointing into the stack for thread: 0x0000024f4c552cf0
RBP=0x000000b9573fa830 is pointing into the stack for thread: 0x0000024f4c552cf0
RSI=0x0000024f74b390d8 points into unknown readable memory: 0x0000000000000000 | 00 00 00 00 00 00 00 00
RDI=0x000000b9573fa7f0 is pointing into the stack for thread: 0x0000024f4c552cf0
R8 =0x0000024f74b390d8 points into unknown readable memory: 0x0000000000000000 | 00 00 00 00 00 00 00 00
R9 =0x000000b9573fa7f0 is pointing into the stack for thread: 0x0000024f4c552cf0
R10=0x0000000000000001 is an unknown value
R11=0xfffffffffbd75515 is an unknown value
R12=0x0 is null
R13=0x000000b9573faa90 is pointing into the stack for thread: 0x0000024f4c552cf0
R14=0x00007ffbd08e0000 onnxruntime.dll
R15=0x000000b9573fb948 is pointing into the stack for thread: 0x0000024f4c552cf0

Top of Stack: (sp=0x000000b9573fa6c0)
0x000000b9573fa6c0:   0000000000000000 0000000000000000
0x000000b9573fa6d0:   000000b9573fa830 000000b9573fa830
0x000000b9573fa6e0:   000000b9573fa870 0000000000000000
0x000000b9573fa6f0:   000000b9573febd8 00007ffbd109aa90
0x000000b9573fa700:   0000413ee8b4a1c8 000000b9573fa7f0
0x000000b9573fa710:   0000000000000000 003eaf8f53226d25
0x000000b9573fa720:   0000000000000000 00007ffbd096d2d8
0x000000b9573fa730:   000000b9573fa870 0000000000000000
0x000000b9573fa740:   0000000000000000 000000b900000000
0x000000b9573fa750:   000000b9573fa810 0000024f85efb570
0x000000b9573fa760:   00007ffbd1455a30 00007ffc206b3464
0x000000b9573fa770:   0000024f85b9beb0 0000000000000000
0x000000b9573fa780:   000000000000003a 000000000000003f
0x000000b9573fa790:   000000b9000009f1 0000024f85cd22d0
0x000000b9573fa7a0:   0000000000000000 0000000000000061
0x000000b9573fa7b0:   000000000000006f 0000000000000000
0x000000b9573fa7c0:   0000000000000000 0000000000000000
0x000000b9573fa7d0:   0000024f74b6e600 0000000000000000
0x000000b9573fa7e0:   0000000000000000 000000000000000f
0x000000b9573fa7f0:   0000024f74b390d0 0000024f00000003
0x000000b9573fa800:   00007ffbd14ec388 000000b900000000
0x000000b9573fa810:   0000024f85b9c9a0 0000000000000000
0x000000b9573fa820:   000000000000003a 000000000000003f
0x000000b9573fa830:   00000000000009f1 0000024f85cd1cd0
0x000000b9573fa840:   0000000000000000 0000000000000061
0x000000b9573fa850:   000000000000006f 0000000000000000
0x000000b9573fa860:   0000000000000000 0000000000000000
0x000000b9573fa870:   00007ffbd14479e8 00007ffbd1447970
0x000000b9573fa880:   0000024f74e6cee0 0000024f74e6cee0
0x000000b9573fa890:   000000b9573fa880 000000b9573fa888
0x000000b9573fa8a0:   0000024f74e6cee0 0000024f74e6cfb3
0x000000b9573fa8b0:   000000b9573fa8a0 000000b9573fa8a8 

Instructions: (pc=0x00007ffbd1099b6c)
0x00007ffbd1099a6c:   00 88 4e 2c 8b 8c 24 a8 00 00 00 89 4e 30 48 8b
0x00007ffbd1099a7c:   cb e8 ae ca 84 ff 90 49 89 36 49 8b c6 4c 8d 5c
0x00007ffbd1099a8c:   24 60 49 8b 5b 20 49 8b 6b 38 49 8b e3 41 5e 5f
0x00007ffbd1099a9c:   5e c3 cc cc 48 89 5c 24 10 48 89 74 24 18 57 48
0x00007ffbd1099aac:   83 ec 30 48 8b 19 48 8b f2 8b 0d d5 bc 5c 00 49
0x00007ffbd1099abc:   8b f8 65 48 8b 04 25 58 00 00 00 ba 90 00 00 00
0x00007ffbd1099acc:   48 8b 04 c8 8b 0c 02 39 0d d7 cc 5c 00 7e 2d 48
0x00007ffbd1099adc:   8d 0d ce cc 5c 00 e8 f5 10 27 00 83 3d c2 cc 5c
0x00007ffbd1099aec:   00 ff 75 18 e8 8b f9 ff ff 48 8d 0d b4 cc 5c 00
0x00007ffbd1099afc:   48 89 05 9d cc 5c 00 e8 68 10 27 00 48 8d 4c 24
0x00007ffbd1099b0c:   40 e8 8e b6 8b ff 48 8b 05 87 cc 5c 00 48 ba 00
0x00007ffbd1099b1c:   58 47 f8 0d 00 00 00 4c 8b cf 4c 8b c6 48 6b 48
0x00007ffbd1099b2c:   08 64 48 2b 08 48 63 40 10 48 03 4c 24 40 48 0f
0x00007ffbd1099b3c:   af c2 48 03 c8 48 b8 0b d7 a3 70 3d 0a d7 a3 48
0x00007ffbd1099b4c:   f7 e9 48 03 d1 48 8b cb 48 c1 fa 06 48 8b c2 48
0x00007ffbd1099b5c:   c1 e8 3f 48 03 d0 48 89 54 24 58 48 8d 54 24 58
0x00007ffbd1099b6c:   48 8b 03 48 8b 40 10 ff 15 a7 a2 2e 00 48 8b 5c
0x00007ffbd1099b7c:   24 48 48 8b 74 24 50 48 83 c4 30 5f c3 cc cc cc
0x00007ffbd1099b8c:   cc cc cc cc 48 8b 09 48 8b 01 48 8b 00 48 ff 25
0x00007ffbd1099b9c:   80 a2 2e 00 48 89 5c 24 10 57 48 81 ec 80 00 00
0x00007ffbd1099bac:   00 48 8b 05 4c 5d 57 00 48 33 c4 48 89 44 24 78
0x00007ffbd1099bbc:   48 8b f9 48 b8 bd 42 7a e5 d5 94 bf d6 48 8b 0a
0x00007ffbd1099bcc:   48 f7 e9 48 03 d1 48 8d 4c 24 50 48 c1 fa 17 48
0x00007ffbd1099bdc:   8b c2 48 c1 e8 3f 48 03 d0 48 89 54 24 20 48 8d
0x00007ffbd1099bec:   54 24 20 ff 15 eb a1 2e 00 48 8d 54 24 20 48 8d
0x00007ffbd1099bfc:   4c 24 28 ff 15 d3 a1 2e 00 8b 44 24 70 48 8d 4c
0x00007ffbd1099c0c:   24 28 89 44 24 48 ff 15 b8 a1 2e 00 48 8d 4c 24
0x00007ffbd1099c1c:   50 48 8b d8 ff 15 aa a1 2e 00 48 8b c8 48 8b d3
0x00007ffbd1099c2c:   ff 15 8e a1 2e 00 f2 0f 5e 05 3e a8 45 00 48 8b
0x00007ffbd1099c3c:   c7 f2 48 0f 2c c8 89 0f 48 8b 4c 24 78 48 33 cc
0x00007ffbd1099c4c:   e8 ff 0a 27 00 48 8b 9c 24 98 00 00 00 48 81 c4
0x00007ffbd1099c5c:   80 00 00 00 5f c3 cc cc cc cc cc cc cc cc cc cc 


Stack slot to memory mapping:

stack at sp + 0 slots: 0x0 is null
stack at sp + 1 slots: 0x0 is null
stack at sp + 2 slots: 0x000000b9573fa830 is pointing into the stack for thread: 0x0000024f4c552cf0
stack at sp + 3 slots: 0x000000b9573fa830 is pointing into the stack for thread: 0x0000024f4c552cf0
stack at sp + 4 slots: 0x000000b9573fa870 is pointing into the stack for thread: 0x0000024f4c552cf0
stack at sp + 5 slots: 0x0 is null
stack at sp + 6 slots: 0x000000b9573febd8 is pointing into the stack for thread: 0x0000024f4c552cf0
stack at sp + 7 slots: 0x00007ffbd109aa90 onnxruntime.dll


---------------  P R O C E S S  ---------------

Threads class SMR info:
_java_thread_list=0x0000024f85a4a930, length=13, elements={
0x0000024f4c552cf0, 0x0000024f6ecf6f40, 0x0000024f6ecf7b90, 0x0000024f6ecfc600,
0x0000024f6ecfd050, 0x0000024f6ecfdaa0, 0x0000024f6ecffca0, 0x0000024f6ed00a20,
0x0000024f730a9970, 0x0000024f73150450, 0x0000024f73231e80, 0x0000024f73232740,
0x0000024f74b0d3b0
}

Java Threads: ( => current thread )
=>0x0000024f4c552cf0 JavaThread "main"                              [_thread_in_native, id=30540, stack(0x000000b957300000,0x000000b957400000) (1024K)]
  0x0000024f6ecf6f40 JavaThread "Reference Handler"          daemon [_thread_blocked, id=19776, stack(0x000000b957b00000,0x000000b957c00000) (1024K)]
  0x0000024f6ecf7b90 JavaThread "Finalizer"                  daemon [_thread_blocked, id=30976, stack(0x000000b957c00000,0x000000b957d00000) (1024K)]
  0x0000024f6ecfc600 JavaThread "Signal Dispatcher"          daemon [_thread_blocked, id=29448, stack(0x000000b957d00000,0x000000b957e00000) (1024K)]
  0x0000024f6ecfd050 JavaThread "Attach Listener"            daemon [_thread_blocked, id=28956, stack(0x000000b957e00000,0x000000b957f00000) (1024K)]
  0x0000024f6ecfdaa0 JavaThread "Service Thread"             daemon [_thread_blocked, id=27092, stack(0x000000b957f00000,0x000000b958000000) (1024K)]
  0x0000024f6ecffca0 JavaThread "Monitor Deflation Thread"   daemon [_thread_blocked, id=3208, stack(0x000000b958000000,0x000000b958100000) (1024K)]
  0x0000024f6ed00a20 JavaThread "C2 CompilerThread0"         daemon [_thread_blocked, id=11488, stack(0x000000b958100000,0x000000b958200000) (1024K)]
  0x0000024f730a9970 JavaThread "C1 CompilerThread0"         daemon [_thread_blocked, id=7276, stack(0x000000b958200000,0x000000b958300000) (1024K)]
  0x0000024f73150450 JavaThread "Common-Cleaner"             daemon [_thread_blocked, id=6960, stack(0x000000b958300000,0x000000b958400000) (1024K)]
  0x0000024f73231e80 JavaThread "Monitor Ctrl-Break"         daemon [_thread_in_native, id=6776, stack(0x000000b958600000,0x000000b958700000) (1024K)]
  0x0000024f73232740 JavaThread "Notification Thread"        daemon [_thread_blocked, id=4184, stack(0x000000b958700000,0x000000b958800000) (1024K)]
  0x0000024f74b0d3b0 JavaThread "SIGINT handler"             daemon [_thread_blocked, id=24388, stack(0x000000b959b00000,0x000000b959c00000) (1024K)]
Total: 13

Other Threads:
  0x0000024f6ecd8ab0 VMThread "VM Thread"                           [id=29016, stack(0x000000b957a00000,0x000000b957b00000) (1024K)] _threads_hazard_ptr=0x0000024f85a4a930
  0x0000024f4ea152f0 WorkerThread "GC Thread#0"                     [id=28268, stack(0x000000b957400000,0x000000b957500000) (1024K)]
  0x0000024f74c80c60 WorkerThread "GC Thread#1"                     [id=27988, stack(0x000000b959e00000,0x000000b959f00000) (1024K)]
  0x0000024f85ecb8b0 WorkerThread "GC Thread#2"                     [id=22472, stack(0x000000b959f00000,0x000000b95a000000) (1024K)]
  0x0000024f85ec90d0 WorkerThread "GC Thread#3"                     [id=15900, stack(0x000000b95a000000,0x000000b95a100000) (1024K)]
  0x0000024f85ec9470 WorkerThread "GC Thread#4"                     [id=3840, stack(0x000000b95a100000,0x000000b95a200000) (1024K)]
  0x0000024f74ccc070 WorkerThread "GC Thread#5"                     [id=19976, stack(0x000000b95a200000,0x000000b95a300000) (1024K)]
  0x0000024f4ea25b20 ConcurrentGCThread "G1 Main Marker"            terminated
  0x0000024f4ea27570 WorkerThread "G1 Conc#0"                       [id=23812, stack(0x000000b957600000,0x000000b957700000) (1024K)]
  0x0000024f6eb8b8e0 ConcurrentGCThread "G1 Refine#0"               terminated
  0x0000024f6eb8c450 ConcurrentGCThread "G1 Service"                terminated
Total: 11

Threads with active compile tasks:
Total: 0

VM state: at safepoint (normal execution)

VM Mutex/Monitor currently owned by a thread:  ([mutex/lock_event])
[0x00007ffc20b05458] Threads_lock - owner thread: 0x0000024f6ecd8ab0
[0x00007ffc20b05558] Heap_lock - owner thread: 0x0000024f74b0d3b0

Heap address: 0x0000000707a00000, size: 3974 MB, Compressed Oops mode: Zero based, Oop shift amount: 3

CDS archive(s) mapped at: [0x0000024f00000000-0x0000024f00c80000-0x0000024f00c80000), size 13107200, SharedBaseAddress: 0x0000024f00000000, ArchiveRelocationMode: 1.
Compressed class space mapped at: 0x0000024f01000000-0x0000024f41000000, reserved size: 1073741824
Narrow klass base: 0x0000024f00000000, Narrow klass shift: 0, Narrow klass range: 0x100000000

GC Precious Log:
 CardTable entry size: 512
 Card Set container configuration: InlinePtr #cards 4 size 8 Array Of Cards #cards 16 size 48 Howl #buckets 8 coarsen threshold 3686 Howl Bitmap #cards 512 size 80 coarsen threshold 460 Card regions per heap region 1 cards per card region 4096
 CPUs: 22 total, 22 available
 Memory: 15892M
 Large Page Support: Disabled
 NUMA Support: Disabled
 Compressed Oops: Enabled (Zero based)
 Heap Region Size: 2M
 Heap Min Capacity: 8M
 Heap Initial Capacity: 250M
 Heap Max Capacity: 3974M
 Pre-touch: Disabled
 Parallel Workers: 16
 Concurrent Workers: 4
 Concurrent Refinement Workers: 16
 Periodic GC: Disabled

Heap:
 garbage-first heap   total 256000K, used 5077K [0x0000000707a00000, 0x0000000800000000)
  region size 2048K, 3 young (6144K), 2 survivors (4096K)
 Metaspace       used 2918K, committed 3136K, reserved 1114112K
  class space    used 262K, committed 384K, reserved 1048576K

Heap Regions: E=young(eden), S=young(survivor), O=old, HS=humongous(starts), HC=humongous(continues), CS=collection set, F=free, TAMS=top-at-mark-start, PB=parsable bottom
|   0|0x0000000707a00000, 0x0000000707a00000, 0x0000000707c00000|  0%| F|  |TAMS 0x0000000707a00000| PB 0x0000000707a00000| Untracked 
|   1|0x0000000707c00000, 0x0000000707c00000, 0x0000000707e00000|  0%| F|  |TAMS 0x0000000707c00000| PB 0x0000000707c00000| Untracked 
|   2|0x0000000707e00000, 0x0000000707ef5460, 0x0000000708000000| 47%| O|  |TAMS 0x0000000707e00000| PB 0x0000000707e00000| Untracked 
|   3|0x0000000708000000, 0x0000000708000000, 0x0000000708200000|  0%| F|  |TAMS 0x0000000708000000| PB 0x0000000708000000| Untracked 
|   4|0x0000000708200000, 0x0000000708200000, 0x0000000708400000|  0%| F|  |TAMS 0x0000000708200000| PB 0x0000000708200000| Untracked 
|   5|0x0000000708400000, 0x0000000708400000, 0x0000000708600000|  0%| F|  |TAMS 0x0000000708400000| PB 0x0000000708400000| Untracked 
|   6|0x0000000708600000, 0x0000000708600000, 0x0000000708800000|  0%| F|  |TAMS 0x0000000708600000| PB 0x0000000708600000| Untracked 
|   7|0x0000000708800000, 0x0000000708800000, 0x0000000708a00000|  0%| F|  |TAMS 0x0000000708800000| PB 0x0000000708800000| Untracked 
|   8|0x0000000708a00000, 0x0000000708a00000, 0x0000000708c00000|  0%| F|  |TAMS 0x0000000708a00000| PB 0x0000000708a00000| Untracked 
|   9|0x0000000708c00000, 0x0000000708c00000, 0x0000000708e00000|  0%| F|  |TAMS 0x0000000708c00000| PB 0x0000000708c00000| Untracked 
|  10|0x0000000708e00000, 0x0000000708e00000, 0x0000000709000000|  0%| F|  |TAMS 0x0000000708e00000| PB 0x0000000708e00000| Untracked 
|  11|0x0000000709000000, 0x0000000709000000, 0x0000000709200000|  0%| F|  |TAMS 0x0000000709000000| PB 0x0000000709000000| Untracked 
|  12|0x0000000709200000, 0x0000000709200000, 0x0000000709400000|  0%| F|  |TAMS 0x0000000709200000| PB 0x0000000709200000| Untracked 
|  13|0x0000000709400000, 0x0000000709400000, 0x0000000709600000|  0%| F|  |TAMS 0x0000000709400000| PB 0x0000000709400000| Untracked 
|  14|0x0000000709600000, 0x0000000709600000, 0x0000000709800000|  0%| F|  |TAMS 0x0000000709600000| PB 0x0000000709600000| Untracked 
|  15|0x0000000709800000, 0x0000000709800000, 0x0000000709a00000|  0%| F|  |TAMS 0x0000000709800000| PB 0x0000000709800000| Untracked 
|  16|0x0000000709a00000, 0x0000000709a00000, 0x0000000709c00000|  0%| F|  |TAMS 0x0000000709a00000| PB 0x0000000709a00000| Untracked 
|  17|0x0000000709c00000, 0x0000000709c00000, 0x0000000709e00000|  0%| F|  |TAMS 0x0000000709c00000| PB 0x0000000709c00000| Untracked 
|  18|0x0000000709e00000, 0x0000000709e00000, 0x000000070a000000|  0%| F|  |TAMS 0x0000000709e00000| PB 0x0000000709e00000| Untracked 
|  19|0x000000070a000000, 0x000000070a000000, 0x000000070a200000|  0%| F|  |TAMS 0x000000070a000000| PB 0x000000070a000000| Untracked 
|  20|0x000000070a200000, 0x000000070a200000, 0x000000070a400000|  0%| F|  |TAMS 0x000000070a200000| PB 0x000000070a200000| Untracked 
|  21|0x000000070a400000, 0x000000070a400000, 0x000000070a600000|  0%| F|  |TAMS 0x000000070a400000| PB 0x000000070a400000| Untracked 
|  22|0x000000070a600000, 0x000000070a600000, 0x000000070a800000|  0%| F|  |TAMS 0x000000070a600000| PB 0x000000070a600000| Untracked 
|  23|0x000000070a800000, 0x000000070a800000, 0x000000070aa00000|  0%| F|  |TAMS 0x000000070a800000| PB 0x000000070a800000| Untracked 
|  24|0x000000070aa00000, 0x000000070aa00000, 0x000000070ac00000|  0%| F|  |TAMS 0x000000070aa00000| PB 0x000000070aa00000| Untracked 
|  25|0x000000070ac00000, 0x000000070ac00000, 0x000000070ae00000|  0%| F|  |TAMS 0x000000070ac00000| PB 0x000000070ac00000| Untracked 
|  26|0x000000070ae00000, 0x000000070ae00000, 0x000000070b000000|  0%| F|  |TAMS 0x000000070ae00000| PB 0x000000070ae00000| Untracked 
|  27|0x000000070b000000, 0x000000070b000000, 0x000000070b200000|  0%| F|  |TAMS 0x000000070b000000| PB 0x000000070b000000| Untracked 
|  28|0x000000070b200000, 0x000000070b200000, 0x000000070b400000|  0%| F|  |TAMS 0x000000070b200000| PB 0x000000070b200000| Untracked 
|  29|0x000000070b400000, 0x000000070b400000, 0x000000070b600000|  0%| F|  |TAMS 0x000000070b400000| PB 0x000000070b400000| Untracked 
|  30|0x000000070b600000, 0x000000070b600000, 0x000000070b800000|  0%| F|  |TAMS 0x000000070b600000| PB 0x000000070b600000| Untracked 
|  31|0x000000070b800000, 0x000000070b800000, 0x000000070ba00000|  0%| F|  |TAMS 0x000000070b800000| PB 0x000000070b800000| Untracked 
|  32|0x000000070ba00000, 0x000000070ba00000, 0x000000070bc00000|  0%| F|  |TAMS 0x000000070ba00000| PB 0x000000070ba00000| Untracked 
|  33|0x000000070bc00000, 0x000000070bc00000, 0x000000070be00000|  0%| F|  |TAMS 0x000000070bc00000| PB 0x000000070bc00000| Untracked 
|  34|0x000000070be00000, 0x000000070be00000, 0x000000070c000000|  0%| F|  |TAMS 0x000000070be00000| PB 0x000000070be00000| Untracked 
|  35|0x000000070c000000, 0x000000070c000000, 0x000000070c200000|  0%| F|  |TAMS 0x000000070c000000| PB 0x000000070c000000| Untracked 
|  36|0x000000070c200000, 0x000000070c200000, 0x000000070c400000|  0%| F|  |TAMS 0x000000070c200000| PB 0x000000070c200000| Untracked 
|  37|0x000000070c400000, 0x000000070c400000, 0x000000070c600000|  0%| F|  |TAMS 0x000000070c400000| PB 0x000000070c400000| Untracked 
|  38|0x000000070c600000, 0x000000070c600000, 0x000000070c800000|  0%| F|  |TAMS 0x000000070c600000| PB 0x000000070c600000| Untracked 
|  39|0x000000070c800000, 0x000000070c800000, 0x000000070ca00000|  0%| F|  |TAMS 0x000000070c800000| PB 0x000000070c800000| Untracked 
|  40|0x000000070ca00000, 0x000000070ca00000, 0x000000070cc00000|  0%| F|  |TAMS 0x000000070ca00000| PB 0x000000070ca00000| Untracked 
|  41|0x000000070cc00000, 0x000000070cc00000, 0x000000070ce00000|  0%| F|  |TAMS 0x000000070cc00000| PB 0x000000070cc00000| Untracked 
|  42|0x000000070ce00000, 0x000000070ce00000, 0x000000070d000000|  0%| F|  |TAMS 0x000000070ce00000| PB 0x000000070ce00000| Untracked 
|  43|0x000000070d000000, 0x000000070d000000, 0x000000070d200000|  0%| F|  |TAMS 0x000000070d000000| PB 0x000000070d000000| Untracked 
|  44|0x000000070d200000, 0x000000070d200000, 0x000000070d400000|  0%| F|  |TAMS 0x000000070d200000| PB 0x000000070d200000| Untracked 
|  45|0x000000070d400000, 0x000000070d400000, 0x000000070d600000|  0%| F|  |TAMS 0x000000070d400000| PB 0x000000070d400000| Untracked 
|  46|0x000000070d600000, 0x000000070d600000, 0x000000070d800000|  0%| F|  |TAMS 0x000000070d600000| PB 0x000000070d600000| Untracked 
|  47|0x000000070d800000, 0x000000070d800000, 0x000000070da00000|  0%| F|  |TAMS 0x000000070d800000| PB 0x000000070d800000| Untracked 
|  48|0x000000070da00000, 0x000000070da00000, 0x000000070dc00000|  0%| F|  |TAMS 0x000000070da00000| PB 0x000000070da00000| Untracked 
|  49|0x000000070dc00000, 0x000000070dc00000, 0x000000070de00000|  0%| F|  |TAMS 0x000000070dc00000| PB 0x000000070dc00000| Untracked 
|  50|0x000000070de00000, 0x000000070de00000, 0x000000070e000000|  0%| F|  |TAMS 0x000000070de00000| PB 0x000000070de00000| Untracked 
|  51|0x000000070e000000, 0x000000070e000000, 0x000000070e200000|  0%| F|  |TAMS 0x000000070e000000| PB 0x000000070e000000| Untracked 
|  52|0x000000070e200000, 0x000000070e200000, 0x000000070e400000|  0%| F|  |TAMS 0x000000070e200000| PB 0x000000070e200000| Untracked 
|  53|0x000000070e400000, 0x000000070e400000, 0x000000070e600000|  0%| F|  |TAMS 0x000000070e400000| PB 0x000000070e400000| Untracked 
|  54|0x000000070e600000, 0x000000070e600000, 0x000000070e800000|  0%| F|  |TAMS 0x000000070e600000| PB 0x000000070e600000| Untracked 
|  55|0x000000070e800000, 0x000000070e800000, 0x000000070ea00000|  0%| F|  |TAMS 0x000000070e800000| PB 0x000000070e800000| Untracked 
|  56|0x000000070ea00000, 0x000000070ea00000, 0x000000070ec00000|  0%| F|  |TAMS 0x000000070ea00000| PB 0x000000070ea00000| Untracked 
|  57|0x000000070ec00000, 0x000000070ec00000, 0x000000070ee00000|  0%| F|  |TAMS 0x000000070ec00000| PB 0x000000070ec00000| Untracked 
|  58|0x000000070ee00000, 0x000000070ee00000, 0x000000070f000000|  0%| F|  |TAMS 0x000000070ee00000| PB 0x000000070ee00000| Untracked 
|  59|0x000000070f000000, 0x000000070f000000, 0x000000070f200000|  0%| F|  |TAMS 0x000000070f000000| PB 0x000000070f000000| Untracked 
|  60|0x000000070f200000, 0x000000070f200000, 0x000000070f400000|  0%| F|  |TAMS 0x000000070f200000| PB 0x000000070f200000| Untracked 
|  61|0x000000070f400000, 0x000000070f400000, 0x000000070f600000|  0%| F|  |TAMS 0x000000070f400000| PB 0x000000070f400000| Untracked 
|  62|0x000000070f600000, 0x000000070f600000, 0x000000070f800000|  0%| F|  |TAMS 0x000000070f600000| PB 0x000000070f600000| Untracked 
|  63|0x000000070f800000, 0x000000070f800000, 0x000000070fa00000|  0%| F|  |TAMS 0x000000070f800000| PB 0x000000070f800000| Untracked 
|  64|0x000000070fa00000, 0x000000070fa00000, 0x000000070fc00000|  0%| F|  |TAMS 0x000000070fa00000| PB 0x000000070fa00000| Untracked 
|  65|0x000000070fc00000, 0x000000070fc00000, 0x000000070fe00000|  0%| F|  |TAMS 0x000000070fc00000| PB 0x000000070fc00000| Untracked 
|  66|0x000000070fe00000, 0x000000070fe00000, 0x0000000710000000|  0%| F|  |TAMS 0x000000070fe00000| PB 0x000000070fe00000| Untracked 
|  67|0x0000000710000000, 0x0000000710000000, 0x0000000710200000|  0%| F|  |TAMS 0x0000000710000000| PB 0x0000000710000000| Untracked 
|  68|0x0000000710200000, 0x0000000710200000, 0x0000000710400000|  0%| F|  |TAMS 0x0000000710200000| PB 0x0000000710200000| Untracked 
|  69|0x0000000710400000, 0x0000000710400000, 0x0000000710600000|  0%| F|  |TAMS 0x0000000710400000| PB 0x0000000710400000| Untracked 
|  70|0x0000000710600000, 0x0000000710600000, 0x0000000710800000|  0%| F|  |TAMS 0x0000000710600000| PB 0x0000000710600000| Untracked 
|  71|0x0000000710800000, 0x0000000710800000, 0x0000000710a00000|  0%| F|  |TAMS 0x0000000710800000| PB 0x0000000710800000| Untracked 
|  72|0x0000000710a00000, 0x0000000710a00000, 0x0000000710c00000|  0%| F|  |TAMS 0x0000000710a00000| PB 0x0000000710a00000| Untracked 
|  73|0x0000000710c00000, 0x0000000710c00000, 0x0000000710e00000|  0%| F|  |TAMS 0x0000000710c00000| PB 0x0000000710c00000| Untracked 
|  74|0x0000000710e00000, 0x0000000710e00000, 0x0000000711000000|  0%| F|  |TAMS 0x0000000710e00000| PB 0x0000000710e00000| Untracked 
|  75|0x0000000711000000, 0x0000000711000000, 0x0000000711200000|  0%| F|  |TAMS 0x0000000711000000| PB 0x0000000711000000| Untracked 
|  76|0x0000000711200000, 0x0000000711200000, 0x0000000711400000|  0%| F|  |TAMS 0x0000000711200000| PB 0x0000000711200000| Untracked 
|  77|0x0000000711400000, 0x0000000711400000, 0x0000000711600000|  0%| F|  |TAMS 0x0000000711400000| PB 0x0000000711400000| Untracked 
|  78|0x0000000711600000, 0x0000000711600000, 0x0000000711800000|  0%| F|  |TAMS 0x0000000711600000| PB 0x0000000711600000| Untracked 
|  79|0x0000000711800000, 0x0000000711800000, 0x0000000711a00000|  0%| F|  |TAMS 0x0000000711800000| PB 0x0000000711800000| Untracked 
|  80|0x0000000711a00000, 0x0000000711a00000, 0x0000000711c00000|  0%| F|  |TAMS 0x0000000711a00000| PB 0x0000000711a00000| Untracked 
|  81|0x0000000711c00000, 0x0000000711c00000, 0x0000000711e00000|  0%| F|  |TAMS 0x0000000711c00000| PB 0x0000000711c00000| Untracked 
|  82|0x0000000711e00000, 0x0000000711e00000, 0x0000000712000000|  0%| F|  |TAMS 0x0000000711e00000| PB 0x0000000711e00000| Untracked 
|  83|0x0000000712000000, 0x0000000712000000, 0x0000000712200000|  0%| F|  |TAMS 0x0000000712000000| PB 0x0000000712000000| Untracked 
|  84|0x0000000712200000, 0x0000000712200000, 0x0000000712400000|  0%| F|  |TAMS 0x0000000712200000| PB 0x0000000712200000| Untracked 
|  85|0x0000000712400000, 0x0000000712400000, 0x0000000712600000|  0%| F|  |TAMS 0x0000000712400000| PB 0x0000000712400000| Untracked 
|  86|0x0000000712600000, 0x0000000712600000, 0x0000000712800000|  0%| F|  |TAMS 0x0000000712600000| PB 0x0000000712600000| Untracked 
|  87|0x0000000712800000, 0x0000000712800000, 0x0000000712a00000|  0%| F|  |TAMS 0x0000000712800000| PB 0x0000000712800000| Untracked 
|  88|0x0000000712a00000, 0x0000000712a00000, 0x0000000712c00000|  0%| F|  |TAMS 0x0000000712a00000| PB 0x0000000712a00000| Untracked 
|  89|0x0000000712c00000, 0x0000000712c00000, 0x0000000712e00000|  0%| F|  |TAMS 0x0000000712c00000| PB 0x0000000712c00000| Untracked 
|  90|0x0000000712e00000, 0x0000000712e00000, 0x0000000713000000|  0%| F|  |TAMS 0x0000000712e00000| PB 0x0000000712e00000| Untracked 
|  91|0x0000000713000000, 0x0000000713000000, 0x0000000713200000|  0%| F|  |TAMS 0x0000000713000000| PB 0x0000000713000000| Untracked 
|  92|0x0000000713200000, 0x0000000713200000, 0x0000000713400000|  0%| F|  |TAMS 0x0000000713200000| PB 0x0000000713200000| Untracked 
|  93|0x0000000713400000, 0x0000000713400000, 0x0000000713600000|  0%| F|  |TAMS 0x0000000713400000| PB 0x0000000713400000| Untracked 
|  94|0x0000000713600000, 0x0000000713600000, 0x0000000713800000|  0%| F|  |TAMS 0x0000000713600000| PB 0x0000000713600000| Untracked 
|  95|0x0000000713800000, 0x0000000713800000, 0x0000000713a00000|  0%| F|  |TAMS 0x0000000713800000| PB 0x0000000713800000| Untracked 
|  96|0x0000000713a00000, 0x0000000713a00000, 0x0000000713c00000|  0%| F|  |TAMS 0x0000000713a00000| PB 0x0000000713a00000| Untracked 
|  97|0x0000000713c00000, 0x0000000713c00000, 0x0000000713e00000|  0%| F|  |TAMS 0x0000000713c00000| PB 0x0000000713c00000| Untracked 
|  98|0x0000000713e00000, 0x0000000713e00000, 0x0000000714000000|  0%| F|  |TAMS 0x0000000713e00000| PB 0x0000000713e00000| Untracked 
|  99|0x0000000714000000, 0x0000000714000000, 0x0000000714200000|  0%| F|  |TAMS 0x0000000714000000| PB 0x0000000714000000| Untracked 
| 100|0x0000000714200000, 0x0000000714200000, 0x0000000714400000|  0%| F|  |TAMS 0x0000000714200000| PB 0x0000000714200000| Untracked 
| 101|0x0000000714400000, 0x0000000714400000, 0x0000000714600000|  0%| F|  |TAMS 0x0000000714400000| PB 0x0000000714400000| Untracked 
| 102|0x0000000714600000, 0x0000000714600000, 0x0000000714800000|  0%| F|  |TAMS 0x0000000714600000| PB 0x0000000714600000| Untracked 
| 103|0x0000000714800000, 0x0000000714800000, 0x0000000714a00000|  0%| F|  |TAMS 0x0000000714800000| PB 0x0000000714800000| Untracked 
| 104|0x0000000714a00000, 0x0000000714a00000, 0x0000000714c00000|  0%| F|  |TAMS 0x0000000714a00000| PB 0x0000000714a00000| Untracked 
| 105|0x0000000714c00000, 0x0000000714c00000, 0x0000000714e00000|  0%| F|  |TAMS 0x0000000714c00000| PB 0x0000000714c00000| Untracked 
| 106|0x0000000714e00000, 0x0000000714e00000, 0x0000000715000000|  0%| F|  |TAMS 0x0000000714e00000| PB 0x0000000714e00000| Untracked 
| 107|0x0000000715000000, 0x0000000715000000, 0x0000000715200000|  0%| F|  |TAMS 0x0000000715000000| PB 0x0000000715000000| Untracked 
| 108|0x0000000715200000, 0x0000000715200000, 0x0000000715400000|  0%| F|  |TAMS 0x0000000715200000| PB 0x0000000715200000| Untracked 
| 109|0x0000000715400000, 0x0000000715400000, 0x0000000715600000|  0%| F|  |TAMS 0x0000000715400000| PB 0x0000000715400000| Untracked 
| 110|0x0000000715600000, 0x0000000715600000, 0x0000000715800000|  0%| F|  |TAMS 0x0000000715600000| PB 0x0000000715600000| Untracked 
| 111|0x0000000715800000, 0x0000000715800000, 0x0000000715a00000|  0%| F|  |TAMS 0x0000000715800000| PB 0x0000000715800000| Untracked 
| 112|0x0000000715a00000, 0x0000000715c00000, 0x0000000715c00000|100%| S|CS|TAMS 0x0000000715a00000| PB 0x0000000715a00000| Complete 
| 113|0x0000000715c00000, 0x0000000715e00000, 0x0000000715e00000|100%| S|CS|TAMS 0x0000000715c00000| PB 0x0000000715c00000| Complete 
| 114|0x0000000715e00000, 0x0000000715e00000, 0x0000000716000000|  0%| F|  |TAMS 0x0000000715e00000| PB 0x0000000715e00000| Untracked 
| 115|0x0000000716000000, 0x0000000716000000, 0x0000000716200000|  0%| F|  |TAMS 0x0000000716000000| PB 0x0000000716000000| Untracked 
| 116|0x0000000716200000, 0x0000000716200000, 0x0000000716400000|  0%| F|  |TAMS 0x0000000716200000| PB 0x0000000716200000| Untracked 
| 117|0x0000000716400000, 0x0000000716400000, 0x0000000716600000|  0%| F|  |TAMS 0x0000000716400000| PB 0x0000000716400000| Untracked 
| 118|0x0000000716600000, 0x0000000716600000, 0x0000000716800000|  0%| F|  |TAMS 0x0000000716600000| PB 0x0000000716600000| Untracked 
| 119|0x0000000716800000, 0x0000000716800000, 0x0000000716a00000|  0%| F|  |TAMS 0x0000000716800000| PB 0x0000000716800000| Untracked 
| 120|0x0000000716a00000, 0x0000000716a00000, 0x0000000716c00000|  0%| F|  |TAMS 0x0000000716a00000| PB 0x0000000716a00000| Untracked 
| 121|0x0000000716c00000, 0x0000000716c00000, 0x0000000716e00000|  0%| F|  |TAMS 0x0000000716c00000| PB 0x0000000716c00000| Untracked 
| 122|0x0000000716e00000, 0x0000000716e00000, 0x0000000717000000|  0%| F|  |TAMS 0x0000000716e00000| PB 0x0000000716e00000| Untracked 
| 123|0x0000000717000000, 0x0000000717000000, 0x0000000717200000|  0%| F|  |TAMS 0x0000000717000000| PB 0x0000000717000000| Untracked 
| 124|0x0000000717200000, 0x0000000717357128, 0x0000000717400000| 67%| E|  |TAMS 0x0000000717200000| PB 0x0000000717200000| Complete 

Card table byte_map: [0x0000024f67430000,0x0000024f67c00000] _byte_map_base: 0x0000024f63bf3000

Marking Bits: (CMBitMap*) 0x0000024f4ea159f0
 Bits: [0x0000024f67c00000, 0x0000024f6ba18000)

Polling page: 0x0000024f4c500000

Metaspace:

Usage:
  Non-class:      2.59 MB used.
      Class:    262.90 KB used.
       Both:      2.85 MB used.

Virtual space:
  Non-class space:       64.00 MB reserved,       2.69 MB (  4%) committed,  1 nodes.
      Class space:        1.00 GB reserved,     384.00 KB ( <1%) committed,  1 nodes.
             Both:        1.06 GB reserved,       3.06 MB ( <1%) committed. 

Chunk freelists:
   Non-Class:  11.55 MB
       Class:  15.67 MB
        Both:  27.22 MB

MaxMetaspaceSize: unlimited
CompressedClassSpaceSize: 1.00 GB
Initial GC threshold: 21.00 MB
Current GC threshold: 21.00 MB
CDS: on
 - commit_granule_bytes: 65536.
 - commit_granule_words: 8192.
 - virtual_space_node_default_size: 8388608.
 - enlarge_chunks_in_place: 1.
 - use_allocation_guard: 0.


Internal statistics:

num_allocs_failed_limit: 0.
num_arena_births: 58.
num_arena_deaths: 0.
num_vsnodes_births: 2.
num_vsnodes_deaths: 0.
num_space_committed: 49.
num_space_uncommitted: 0.
num_chunks_returned_to_freelist: 0.
num_chunks_taken_from_freelist: 88.
num_chunk_merges: 0.
num_chunk_splits: 58.
num_chunks_enlarged: 38.
num_inconsistent_stats: 0.

CodeHeap 'non-profiled nmethods': size=119168Kb used=369Kb max_used=369Kb free=118798Kb
 bounds [0x0000024f5ec50000, 0x0000024f5eec0000, 0x0000024f660b0000]
CodeHeap 'profiled nmethods': size=119104Kb used=1182Kb max_used=1182Kb free=117921Kb
 bounds [0x0000024f570b0000, 0x0000024f57320000, 0x0000024f5e500000]
CodeHeap 'non-nmethods': size=7488Kb used=1350Kb max_used=3064Kb free=6137Kb
 bounds [0x0000024f5e500000, 0x0000024f5e810000, 0x0000024f5ec50000]
CodeCache: size=245760Kb, used=2901Kb, max_used=4615Kb, free=242856Kb
 total_blobs=1253, nmethods=795, adapters=363, full_count=0
Compilation: enabled, stopped_count=0, restarted_count=0

Compilation events (20 events):
Event: 2.425 Thread 0x0000024f730a9970  784       3       java.util.zip.ZipFile$Source::getEntryPos (164 bytes)
Event: 2.426 Thread 0x0000024f730a9970 nmethod 784 0x0000024f571d2b10 code [0x0000024f571d2d60, 0x0000024f571d3648]
Event: 2.426 Thread 0x0000024f730a9970  785   !   3       java.util.zip.ZipFile::getEntry (59 bytes)
Event: 2.426 Thread 0x0000024f730a9970 nmethod 785 0x0000024f571d3b10 code [0x0000024f571d3d00, 0x0000024f571d4188]
Event: 2.427 Thread 0x0000024f730a9970  786       3       java.util.zip.ZipCoder::hash (36 bytes)
Event: 2.427 Thread 0x0000024f730a9970 nmethod 786 0x0000024f571d4410 code [0x0000024f571d4620, 0x0000024f571d4d30]
Event: 2.427 Thread 0x0000024f730a9970  787       3       sun.net.www.ParseUtil::firstEncodeIndex (86 bytes)
Event: 2.427 Thread 0x0000024f730a9970 nmethod 787 0x0000024f571d5090 code [0x0000024f571d52e0, 0x0000024f571d5c60]
Event: 2.428 Thread 0x0000024f730a9970  788       3       java.lang.invoke.MethodType::basicType (8 bytes)
Event: 2.428 Thread 0x0000024f730a9970 nmethod 788 0x0000024f571d6010 code [0x0000024f571d61a0, 0x0000024f571d62d8]
Event: 2.428 Thread 0x0000024f730a9970  789       3       java.lang.invoke.DirectMethodHandle::internalMemberName (8 bytes)
Event: 2.428 Thread 0x0000024f730a9970 nmethod 789 0x0000024f571d6390 code [0x0000024f571d6540, 0x0000024f571d6730]
Event: 2.428 Thread 0x0000024f730a9970  790       3       java.util.concurrent.locks.ReentrantLock$Sync::tryRelease (51 bytes)
Event: 2.428 Thread 0x0000024f730a9970 nmethod 790 0x0000024f571d6810 code [0x0000024f571d69e0, 0x0000024f571d6cf8]
Event: 3.556 Thread 0x0000024f730a9970  791       1       java.util.logging.LogManager$LoggerContext::getOwner (5 bytes)
Event: 3.556 Thread 0x0000024f730a9970 nmethod 791 0x0000024f5ecabc10 code [0x0000024f5ecabda0, 0x0000024f5ecabe70]
Event: 3.556 Thread 0x0000024f730a9970  792       3       java.util.concurrent.locks.AbstractQueuedSynchronizer::signalNext (34 bytes)
Event: 3.556 Thread 0x0000024f730a9970 nmethod 792 0x0000024f571d6e10 code [0x0000024f571d7000, 0x0000024f571d7490]
Event: 3.556 Thread 0x0000024f730a9970  795       3       java.util.ArrayList$Itr::checkForComodification (23 bytes)
Event: 3.556 Thread 0x0000024f730a9970 nmethod 795 0x0000024f571d7610 code [0x0000024f571d77c0, 0x0000024f571d7988]

GC Heap History (2 events):
Event: 3.526 GC heap before
{Heap before GC invocations=0 (full 0):
 garbage-first heap   total 256000K, used 24576K [0x0000000707a00000, 0x0000000800000000)
  region size 2048K, 11 young (22528K), 0 survivors (0K)
 Metaspace       used 2915K, committed 3136K, reserved 1114112K
  class space    used 262K, committed 384K, reserved 1048576K
}
Event: 3.555 GC heap after
{Heap after GC invocations=1 (full 0):
 garbage-first heap   total 256000K, used 5077K [0x0000000707a00000, 0x0000000800000000)
  region size 2048K, 2 young (4096K), 2 survivors (4096K)
 Metaspace       used 2915K, committed 3136K, reserved 1114112K
  class space    used 262K, committed 384K, reserved 1048576K
}

Dll operation events (11 events):
Event: 0.010 Loaded shared library C:\Users\danis\.jdks\temurin-21.0.8\bin\java.dll
Event: 0.034 Loaded shared library C:\Users\danis\.jdks\temurin-21.0.8\bin\jsvml.dll
Event: 0.071 Loaded shared library C:\Users\danis\.jdks\temurin-21.0.8\bin\zip.dll
Event: 0.074 Loaded shared library C:\Users\danis\.jdks\temurin-21.0.8\bin\instrument.dll
Event: 0.077 Loaded shared library C:\Users\danis\.jdks\temurin-21.0.8\bin\net.dll
Event: 0.079 Loaded shared library C:\Users\danis\.jdks\temurin-21.0.8\bin\nio.dll
Event: 0.081 Loaded shared library C:\Users\danis\.jdks\temurin-21.0.8\bin\zip.dll
Event: 0.105 Loaded shared library C:\Users\danis\.jdks\temurin-21.0.8\bin\extnet.dll
Event: 0.149 Loaded shared library C:\Users\danis\.jdks\temurin-21.0.8\bin\jimage.dll
Event: 2.288 Loaded shared library C:\Users\danis\AppData\Local\Temp\onnxruntime-java10534505511030731382\onnxruntime.dll
Event: 2.348 Loaded shared library C:\Users\danis\AppData\Local\Temp\onnxruntime-java10534505511030731382\onnxruntime4j_jni.dll

Deoptimization events (20 events):
Event: 0.270 Thread 0x0000024f4c552cf0 DEOPT PACKING pc=0x0000024f5ec7cf54 sp=0x000000b9573fe280
Event: 0.270 Thread 0x0000024f4c552cf0 DEOPT UNPACKING pc=0x0000024f5e5546a2 sp=0x000000b9573fe1a8 mode 2
Event: 0.286 Thread 0x0000024f4c552cf0 Uncommon trap: trap_request=0xffffff3d fr.pc=0x0000024f5ec8f618 relative=0x0000000000000078
Event: 0.286 Thread 0x0000024f4c552cf0 Uncommon trap: reason=unstable_fused_if action=reinterpret pc=0x0000024f5ec8f618 method=java.lang.Integer.numberOfLeadingZeros(I)I @ 1 c2
Event: 0.286 Thread 0x0000024f4c552cf0 DEOPT PACKING pc=0x0000024f5ec8f618 sp=0x000000b9573fdea0
Event: 0.286 Thread 0x0000024f4c552cf0 DEOPT UNPACKING pc=0x0000024f5e5546a2 sp=0x000000b9573fde38 mode 2
Event: 2.015 Thread 0x0000024f4c552cf0 DEOPT PACKING pc=0x0000024f571763c9 sp=0x000000b9573fa860
Event: 2.015 Thread 0x0000024f4c552cf0 DEOPT UNPACKING pc=0x0000024f5e554e42 sp=0x000000b9573f9cd0 mode 0
Event: 2.016 Thread 0x0000024f4c552cf0 Uncommon trap: trap_request=0xffffff45 fr.pc=0x0000024f5ec8e6f0 relative=0x00000000000000d0
Event: 2.016 Thread 0x0000024f4c552cf0 Uncommon trap: reason=unstable_if action=reinterpret pc=0x0000024f5ec8e6f0 method=java.lang.Integer.valueOf(I)Ljava/lang/Integer; @ 3 c2
Event: 2.016 Thread 0x0000024f4c552cf0 DEOPT PACKING pc=0x0000024f5ec8e6f0 sp=0x000000b9573fcdf0
Event: 2.016 Thread 0x0000024f4c552cf0 DEOPT UNPACKING pc=0x0000024f5e5546a2 sp=0x000000b9573fcd88 mode 2
Event: 2.021 Thread 0x0000024f4c552cf0 Uncommon trap: trap_request=0xffffff45 fr.pc=0x0000024f5ec903a8 relative=0x0000000000000088
Event: 2.021 Thread 0x0000024f4c552cf0 Uncommon trap: reason=unstable_if action=reinterpret pc=0x0000024f5ec903a8 method=java.lang.StringLatin1.trim([B)Ljava/lang/String; @ 7 c2
Event: 2.021 Thread 0x0000024f4c552cf0 DEOPT PACKING pc=0x0000024f5ec903a8 sp=0x000000b9573fd230
Event: 2.021 Thread 0x0000024f4c552cf0 DEOPT UNPACKING pc=0x0000024f5e5546a2 sp=0x000000b9573fd1c8 mode 2
Event: 2.022 Thread 0x0000024f4c552cf0 Uncommon trap: trap_request=0xffffffde fr.pc=0x0000024f5ec8efe4 relative=0x0000000000000544
Event: 2.022 Thread 0x0000024f4c552cf0 Uncommon trap: reason=class_check action=maybe_recompile pc=0x0000024f5ec8efe4 method=java.util.HashMap.getNode(Ljava/lang/Object;)Ljava/util/HashMap$Node; @ 128 c2
Event: 2.022 Thread 0x0000024f4c552cf0 DEOPT PACKING pc=0x0000024f5ec8efe4 sp=0x000000b9573fdee0
Event: 2.022 Thread 0x0000024f4c552cf0 DEOPT UNPACKING pc=0x0000024f5e5546a2 sp=0x000000b9573fdde8 mode 2

Classes loaded (20 events):
Event: 2.019 Loading class jdk/internal/logger/LoggerFinderLoader$TemporaryLoggerFinder
Event: 2.019 Loading class jdk/internal/logger/LoggerFinderLoader$TemporaryLoggerFinder done
Event: 2.020 Loading class sun/util/logging/internal/LoggingProviderImpl$JULWrapper
Event: 2.020 Loading class sun/util/logging/internal/LoggingProviderImpl$JULWrapper done
Event: 2.020 Loading class java/nio/file/TempFileHelper
Event: 2.021 Loading class java/nio/file/TempFileHelper done
Event: 2.021 Loading class sun/nio/fs/WindowsPath$1
Event: 2.021 Loading class sun/nio/fs/WindowsPath$1 done
Event: 2.023 Loading class java/io/FileOutputStream$1
Event: 2.023 Loading class java/io/FileOutputStream$1 done
Event: 2.026 Loading class java/io/DeleteOnExitHook
Event: 2.026 Loading class java/io/DeleteOnExitHook done
Event: 2.026 Loading class java/io/DeleteOnExitHook$1
Event: 2.026 Loading class java/io/DeleteOnExitHook$1 done
Event: 2.425 Loading class java/lang/Thread$ThreadNumbering
Event: 2.425 Loading class java/lang/Thread$ThreadNumbering done
Event: 2.428 Loading class java/util/RegularEnumSet$EnumSetIterator
Event: 2.428 Loading class java/util/RegularEnumSet$EnumSetIterator done
Event: 3.492 Loading class jdk/internal/misc/Signal$1
Event: 3.492 Loading class jdk/internal/misc/Signal$1 done

Classes unloaded (0 events):
No events

Classes redefined (0 events):
No events

Internal exceptions (20 events):
Event: 0.263 Thread 0x0000024f4c552cf0 Exception <a 'sun/nio/fs/WindowsException'{0x00000007161d2de8}> (0x00000007161d2de8) 
thrown [s\src\hotspot\share\prims\jni.cpp, line 520]
Event: 0.264 Thread 0x0000024f4c552cf0 Exception <a 'sun/nio/fs/WindowsException'{0x00000007161d34f0}> (0x00000007161d34f0) 
thrown [s\src\hotspot\share\prims\jni.cpp, line 520]
Event: 0.264 Thread 0x0000024f4c552cf0 Exception <a 'sun/nio/fs/WindowsException'{0x00000007161d3bf8}> (0x00000007161d3bf8) 
thrown [s\src\hotspot\share\prims\jni.cpp, line 520]
Event: 0.264 Thread 0x0000024f4c552cf0 Exception <a 'sun/nio/fs/WindowsException'{0x00000007161d4300}> (0x00000007161d4300) 
thrown [s\src\hotspot\share\prims\jni.cpp, line 520]
Event: 0.264 Thread 0x0000024f4c552cf0 Exception <a 'sun/nio/fs/WindowsException'{0x00000007161d4a08}> (0x00000007161d4a08) 
thrown [s\src\hotspot\share\prims\jni.cpp, line 520]
Event: 0.264 Thread 0x0000024f4c552cf0 Exception <a 'sun/nio/fs/WindowsException'{0x00000007161d4fd0}> (0x00000007161d4fd0) 
thrown [s\src\hotspot\share\prims\jni.cpp, line 520]
Event: 0.264 Thread 0x0000024f4c552cf0 Exception <a 'sun/nio/fs/WindowsException'{0x00000007161d5598}> (0x00000007161d5598) 
thrown [s\src\hotspot\share\prims\jni.cpp, line 520]
Event: 0.264 Thread 0x0000024f4c552cf0 Exception <a 'sun/nio/fs/WindowsException'{0x00000007161d5b10}> (0x00000007161d5b10) 
thrown [s\src\hotspot\share\prims\jni.cpp, line 520]
Event: 0.264 Thread 0x0000024f4c552cf0 Exception <a 'sun/nio/fs/WindowsException'{0x00000007161d62e0}> (0x00000007161d62e0) 
thrown [s\src\hotspot\share\prims\jni.cpp, line 520]
Event: 0.264 Thread 0x0000024f4c552cf0 Exception <a 'sun/nio/fs/WindowsException'{0x00000007161d6850}> (0x00000007161d6850) 
thrown [s\src\hotspot\share\prims\jni.cpp, line 520]
Event: 0.264 Thread 0x0000024f4c552cf0 Exception <a 'sun/nio/fs/WindowsException'{0x00000007161d6e40}> (0x00000007161d6e40) 
thrown [s\src\hotspot\share\prims\jni.cpp, line 520]
Event: 0.264 Thread 0x0000024f4c552cf0 Exception <a 'sun/nio/fs/WindowsException'{0x00000007161d7430}> (0x00000007161d7430) 
thrown [s\src\hotspot\share\prims\jni.cpp, line 520]
Event: 0.264 Thread 0x0000024f4c552cf0 Exception <a 'sun/nio/fs/WindowsException'{0x00000007161d7a20}> (0x00000007161d7a20) 
thrown [s\src\hotspot\share\prims\jni.cpp, line 520]
Event: 0.264 Thread 0x0000024f4c552cf0 Exception <a 'sun/nio/fs/WindowsException'{0x00000007161d8010}> (0x00000007161d8010) 
thrown [s\src\hotspot\share\prims\jni.cpp, line 520]
Event: 0.264 Thread 0x0000024f4c552cf0 Exception <a 'sun/nio/fs/WindowsException'{0x00000007161d8600}> (0x00000007161d8600) 
thrown [s\src\hotspot\share\prims\jni.cpp, line 520]
Event: 0.264 Thread 0x0000024f4c552cf0 Exception <a 'sun/nio/fs/WindowsException'{0x00000007161d8bf0}> (0x00000007161d8bf0) 
thrown [s\src\hotspot\share\prims\jni.cpp, line 520]
Event: 0.276 Thread 0x0000024f4c552cf0 Exception <a 'java/lang/NoSuchMethodError'{0x00000007161f0418}: 'void java.lang.invoke.DirectMethodHandle$Holder.invokeStatic(java.lang.Object, long)'> (0x00000007161f0418) 
thrown [s\src\hotspot\share\interpreter\linkResolver.cpp, line 773]
Event: 0.278 Thread 0x0000024f4c552cf0 Exception <a 'java/lang/NoSuchMethodError'{0x00000007161f5108}: 'java.lang.Object java.lang.invoke.DirectMethodHandle$Holder.newInvokeSpecial(java.lang.Object, long)'> (0x00000007161f5108) 
thrown [s\src\hotspot\share\interpreter\linkResolver.cpp, line 773]
Event: 0.281 Thread 0x0000024f4c552cf0 Exception <a 'java/lang/NoSuchMethodError'{0x00000007161fbf88}: 'java.lang.Object java.lang.invoke.DirectMethodHandle$Holder.invokeStatic(java.lang.Object, long, java.lang.Object)'> (0x00000007161fbf88) 
thrown [s\src\hotspot\share\interpreter\linkResolver.cpp, line 773]
Event: 0.282 Thread 0x0000024f4c552cf0 Exception <a 'java/lang/NoSuchMethodError'{0x00000007161ff4a0}: 'java.lang.Object java.lang.invoke.DirectMethodHandle$Holder.invokeStaticInit(java.lang.Object, long, java.lang.Object)'> (0x00000007161ff4a0) 
thrown [s\src\hotspot\share\interpreter\linkResolver.cpp, line 773]

ZGC Phase Switch (0 events):
No events

VM Operations (13 events):
Event: 0.061 Executing VM operation: HandshakeAllThreads (Deoptimize)
Event: 0.061 Executing VM operation: HandshakeAllThreads (Deoptimize) done
Event: 0.160 Executing VM operation: HandshakeAllThreads (Deoptimize)
Event: 0.160 Executing VM operation: HandshakeAllThreads (Deoptimize) done
Event: 1.175 Executing VM operation: Cleanup
Event: 1.176 Executing VM operation: Cleanup done
Event: 2.189 Executing VM operation: Cleanup
Event: 2.189 Executing VM operation: Cleanup done
Event: 3.202 Executing VM operation: Cleanup
Event: 3.202 Executing VM operation: Cleanup done
Event: 3.526 Executing VM operation: G1CollectForAllocation (G1 Evacuation Pause)
Event: 3.555 Executing VM operation: G1CollectForAllocation (G1 Evacuation Pause) done
Event: 3.557 Executing VM operation: Exit

Memory protections (0 events):
No events

Nmethod flushes (0 events):
No events

Events (20 events):
Event: 0.195 Thread 0x0000024f6ed00a20 Thread added: 0x0000024f7315ca40
Event: 0.209 Thread 0x0000024f7315ca40 Thread added: 0x0000024f7315deb0
Event: 0.209 Thread 0x0000024f7315ca40 Thread added: 0x0000024f7315e580
Event: 0.209 Thread 0x0000024f7315ca40 Thread added: 0x0000024f73fe2f30
Event: 2.012 Thread 0x0000024f73fe2f30 Thread exited: 0x0000024f73fe2f30
Event: 2.012 Thread 0x0000024f7315ec50 Thread exited: 0x0000024f7315ec50
Event: 2.014 Thread 0x0000024f7315d110 Thread exited: 0x0000024f7315d110
Event: 2.014 Thread 0x0000024f7315deb0 Thread exited: 0x0000024f7315deb0
Event: 2.014 Thread 0x0000024f7315ca40 Thread exited: 0x0000024f7315ca40
Event: 2.014 Thread 0x0000024f7315f320 Thread exited: 0x0000024f7315f320
Event: 2.014 Thread 0x0000024f7315e580 Thread exited: 0x0000024f7315e580
Event: 2.014 Thread 0x0000024f7315d7e0 Thread exited: 0x0000024f7315d7e0
Event: 2.016 Thread 0x0000024f7315f9f0 Thread exited: 0x0000024f7315f9f0
Event: 2.016 Thread 0x0000024f7315c370 Thread exited: 0x0000024f7315c370
Event: 3.493 Thread 0x0000024f6ecfc600 Thread added: 0x0000024f74b0d3b0
Event: 3.493 Thread 0x0000024f74b0d3b0 Thread added: 0x0000024f74b0da40
Event: 3.493 Thread 0x0000024f74b0d3b0 Thread added: 0x0000024f74b0c000
Event: 3.556 Thread 0x0000024f74b0da40 Thread exited: 0x0000024f74b0da40
Event: 3.556 Thread 0x0000024f74b0c000 Thread exited: 0x0000024f74b0c000
Event: 3.557 Thread 0x0000024f74b0d3b0 Before exit entered


Dynamic libraries:
0x00007ff7d7bd0000 - 0x00007ff7d7bde000 	C:\Users\danis\.jdks\temurin-21.0.8\bin\java.exe
0x00007ffc70000000 - 0x00007ffc70268000 	C:\Windows\SYSTEM32\ntdll.dll
0x00007ffc21290000 - 0x00007ffc212b0000 	C:\Program Files\Norton\Suite\aswhook.dll
0x00007ffc6e340000 - 0x00007ffc6e409000 	C:\Windows\System32\KERNEL32.DLL
0x00007ffc6d400000 - 0x00007ffc6d7f8000 	C:\Windows\System32\KERNELBASE.dll
0x00007ffc6d800000 - 0x00007ffc6d94b000 	C:\Windows\System32\ucrtbase.dll
0x00007ffc60fd0000 - 0x00007ffc60fee000 	C:\Users\danis\.jdks\temurin-21.0.8\bin\VCRUNTIME140.dll
0x00007ffc5e990000 - 0x00007ffc5e9a8000 	C:\Users\danis\.jdks\temurin-21.0.8\bin\jli.dll
0x00007ffc6f290000 - 0x00007ffc6f457000 	C:\Windows\System32\USER32.dll
0x00007ffc6dd70000 - 0x00007ffc6dd97000 	C:\Windows\System32\win32u.dll
0x00007ffc6fbd0000 - 0x00007ffc6fbfb000 	C:\Windows\System32\GDI32.dll
0x00007ffc6d950000 - 0x00007ffc6da7c000 	C:\Windows\System32\gdi32full.dll
0x00007ffc42940000 - 0x00007ffc42bd4000 	C:\Windows\WinSxS\amd64_microsoft.windows.common-controls_6595b64144ccf1df_6.0.26100.7019_none_3e06ffa0e335b8a8\COMCTL32.dll
0x00007ffc6d150000 - 0x00007ffc6d1f3000 	C:\Windows\System32\msvcp_win.dll
0x00007ffc6e540000 - 0x00007ffc6e5e9000 	C:\Windows\System32\msvcrt.dll
0x00007ffc6ff70000 - 0x00007ffc6ffa1000 	C:\Windows\System32\IMM32.DLL
0x00007ffc69be0000 - 0x00007ffc69bec000 	C:\Users\danis\.jdks\temurin-21.0.8\bin\vcruntime140_1.dll
0x00007ffc4d8f0000 - 0x00007ffc4d97d000 	C:\Users\danis\.jdks\temurin-21.0.8\bin\msvcp140.dll
0x00007ffc1fe50000 - 0x00007ffc20be7000 	C:\Users\danis\.jdks\temurin-21.0.8\bin\server\jvm.dll
0x00007ffc6fe60000 - 0x00007ffc6ff14000 	C:\Windows\System32\ADVAPI32.dll
0x00007ffc6ed50000 - 0x00007ffc6edf6000 	C:\Windows\System32\sechost.dll
0x00007ffc6fc00000 - 0x00007ffc6fd18000 	C:\Windows\System32\RPCRT4.dll
0x00007ffc6fde0000 - 0x00007ffc6fe54000 	C:\Windows\System32\WS2_32.dll
0x00007ffc6bd70000 - 0x00007ffc6bdce000 	C:\Windows\SYSTEM32\POWRPROF.dll
0x00007ffc544f0000 - 0x00007ffc54525000 	C:\Windows\SYSTEM32\WINMM.dll
0x00007ffc5ce90000 - 0x00007ffc5ce9b000 	C:\Windows\SYSTEM32\VERSION.dll
0x00007ffc6bd50000 - 0x00007ffc6bd64000 	C:\Windows\SYSTEM32\UMPDC.dll
0x00007ffc6c030000 - 0x00007ffc6c04b000 	C:\Windows\SYSTEM32\kernel.appcore.dll
0x00007ffc54110000 - 0x00007ffc5411a000 	C:\Users\danis\.jdks\temurin-21.0.8\bin\jimage.dll
0x00007ffc6a790000 - 0x00007ffc6a9d2000 	C:\Windows\SYSTEM32\DBGHELP.DLL
0x00007ffc6dfa0000 - 0x00007ffc6e32b000 	C:\Windows\System32\combase.dll
0x00007ffc6f130000 - 0x00007ffc6f207000 	C:\Windows\System32\OLEAUT32.dll
0x00007ffc544b0000 - 0x00007ffc544ec000 	C:\Windows\SYSTEM32\dbgcore.DLL
0x00007ffc6d290000 - 0x00007ffc6d335000 	C:\Windows\System32\bcryptPrimitives.dll
0x00007ffc54100000 - 0x00007ffc5410f000 	C:\Users\danis\.jdks\temurin-21.0.8\bin\instrument.dll
0x00007ffc53950000 - 0x00007ffc5396f000 	C:\Users\danis\.jdks\temurin-21.0.8\bin\java.dll
0x00007ffc6e5f0000 - 0x00007ffc6ed3f000 	C:\Windows\System32\SHELL32.dll
0x00007ffc6dc00000 - 0x00007ffc6dd6b000 	C:\Windows\System32\wintypes.dll
0x00007ffc6ad70000 - 0x00007ffc6b5cd000 	C:\Windows\SYSTEM32\windows.storage.dll
0x00007ffc6f030000 - 0x00007ffc6f122000 	C:\Windows\System32\SHCORE.dll
0x00007ffc6fd20000 - 0x00007ffc6fd87000 	C:\Windows\System32\shlwapi.dll
0x00007ffc6d070000 - 0x00007ffc6d099000 	C:\Windows\SYSTEM32\profapi.dll
0x00007ffc38370000 - 0x00007ffc38447000 	C:\Users\danis\.jdks\temurin-21.0.8\bin\jsvml.dll
0x00007ffc53930000 - 0x00007ffc53948000 	C:\Users\danis\.jdks\temurin-21.0.8\bin\zip.dll
0x00007ffc540f0000 - 0x00007ffc54100000 	C:\Users\danis\.jdks\temurin-21.0.8\bin\net.dll
0x00007ffc5ea00000 - 0x00007ffc5eb28000 	C:\Windows\SYSTEM32\WINHTTP.dll
0x00007ffc6c5a0000 - 0x00007ffc6c60b000 	C:\Windows\system32\mswsock.dll
0x00007ffc4d8d0000 - 0x00007ffc4d8e6000 	C:\Users\danis\.jdks\temurin-21.0.8\bin\nio.dll
0x00007ffc52be0000 - 0x00007ffc52be9000 	C:\Users\danis\.jdks\temurin-21.0.8\bin\extnet.dll
0x00007ffc6c860000 - 0x00007ffc6c87b000 	C:\Windows\SYSTEM32\CRYPTSP.dll
0x00007ffc6bf90000 - 0x00007ffc6bfca000 	C:\Windows\system32\rsaenh.dll
0x00007ffc6c650000 - 0x00007ffc6c67b000 	C:\Windows\SYSTEM32\USERENV.dll
0x00007ffc6d040000 - 0x00007ffc6d06a000 	C:\Windows\SYSTEM32\bcrypt.dll
0x00007ffc6c880000 - 0x00007ffc6c88c000 	C:\Windows\SYSTEM32\CRYPTBASE.dll
0x00007ffc6bae0000 - 0x00007ffc6bb14000 	C:\Windows\SYSTEM32\IPHLPAPI.DLL
0x00007ffc6e410000 - 0x00007ffc6e41a000 	C:\Windows\System32\NSI.dll
0x00007ffbd08e0000 - 0x00007ffbd16d3000 	C:\Users\danis\AppData\Local\Temp\onnxruntime-java10534505511030731382\onnxruntime.dll
0x00007ffc6f640000 - 0x00007ffc6faca000 	C:\Windows\System32\SETUPAPI.dll
0x00007ffc69fe0000 - 0x00007ffc6a119000 	C:\Windows\SYSTEM32\dxgi.dll
0x00007ffc4d8a0000 - 0x00007ffc4d8a9000 	C:\Windows\SYSTEM32\MSVCP140_1.dll
0x00007ffc3e400000 - 0x00007ffc3e417000 	C:\Users\danis\AppData\Local\Temp\onnxruntime-java10534505511030731382\onnxruntime4j_jni.dll
0x00007ffc6cdc0000 - 0x00007ffc6cded000 	C:\Windows\SYSTEM32\DEVOBJ.dll
0x00007ffc6cdf0000 - 0x00007ffc6ce47000 	C:\Windows\SYSTEM32\cfgmgr32.dll
0x00007ffc6d200000 - 0x00007ffc6d27f000 	C:\Windows\System32\WINTRUST.dll
0x00007ffc6da80000 - 0x00007ffc6dbf7000 	C:\Windows\System32\CRYPT32.dll
0x00007ffc6c990000 - 0x00007ffc6c9a3000 	C:\Windows\SYSTEM32\MSASN1.dll
0x00007ffc6a160000 - 0x00007ffc6a1a3000 	C:\Windows\SYSTEM32\dxcore.dll
0x00007ffc60ca0000 - 0x00007ffc60d03000 	C:\Windows\SYSTEM32\directxdatabasehelper.dll

JVMTI agents:
C:\Program Files\JetBrains\IntelliJ IDEA Community Edition 2025.2\lib\idea_rt.jar path:C:\Users\danis\.jdks\temurin-21.0.8\bin\instrument.dll, loaded, initialized, instrumentlib options:54809

dbghelp: loaded successfully - version: 4.0.5 - missing functions: none
symbol engine: initialized successfully - sym options: 0x614 - pdb path: .;C:\Users\danis\.jdks\temurin-21.0.8\bin;C:\Windows\SYSTEM32;C:\Program Files\Norton\Suite;C:\Windows\WinSxS\amd64_microsoft.windows.common-controls_6595b64144ccf1df_6.0.26100.7019_none_3e06ffa0e335b8a8;C:\Users\danis\.jdks\temurin-21.0.8\bin\server;C:\Users\danis\AppData\Local\Temp\onnxruntime-java10534505511030731382

VM Arguments:
jvm_args: -Djava.library.path=C:\Program Files\NVIDIA GPU Computing Toolkit\CUDA\v12.4\bin;C:\Program Files\NVIDIA\CUDNN\v9.12\bin\12.9 -javaagent:C:\Program Files\JetBrains\IntelliJ IDEA Community Edition 2025.2\lib\idea_rt.jar=54809 -Dfile.encoding=UTF-8 -Dsun.stdout.encoding=UTF-8 -Dsun.stderr.encoding=UTF-8 
java_command: com.securelogx.main.App
java_class_path (initial): D:\workspace\SecureLogX\securelogx-core\target\classes;C:\Users\danis\.m2\repository\org\slf4j\slf4j-api\2.0.7\slf4j-api-2.0.7.jar;C:\Users\danis\.m2\repository\com\microsoft\onnxruntime\onnxruntime_gpu\1.23.2\onnxruntime_gpu-1.23.2.jar;C:\Users\danis\.m2\repository\org\json\json\20240303\json-20240303.jar;C:\Users\danis\.m2\repository\com\fasterxml\jackson\core\jackson-databind\2.17.1\jackson-databind-2.17.1.jar;C:\Users\danis\.m2\repository\com\fasterxml\jackson\core\jackson-annotations\2.17.1\jackson-annotations-2.17.1.jar;C:\Users\danis\.m2\repository\com\fasterxml\jackson\core\jackson-core\2.17.1\jackson-core-2.17.1.jar;C:\Users\danis\.m2\repository\org\apache\kafka\kafka-clients\3.7.0\kafka-clients-3.7.0.jar;C:\Users\danis\.m2\repository\com\github\luben\zstd-jni\1.5.5-6\zstd-jni-1.5.5-6.jar;C:\Users\danis\.m2\repository\org\lz4\lz4-java\1.8.0\lz4-java-1.8.0.jar;C:\Users\danis\.m2\repository\org\xerial\snappy\snappy-java\1.1.10.5\snappy-java-1.1.10.5.jar;C:\Users\danis\.m2\repository\org\slf4j\slf4j-nop\2.0.7\slf4j-nop-2.0.7.jar
Launcher Type: SUN_STANDARD

[Global flags]
     intx CICompilerCount                          = 12                                        {product} {ergonomic}
     uint ConcGCThreads                            = 4                                         {product} {ergonomic}
     uint G1ConcRefinementThreads                  = 16                                        {product} {ergonomic}
   size_t G1HeapRegionSize                         = 2097152                                   {product} {ergonomic}
    uintx GCDrainStackTargetSize                   = 64                                        {product} {ergonomic}
   size_t InitialHeapSize                          = 262144000                                 {product} {ergonomic}
   size_t MarkStackSize                            = 4194304                                   {product} {ergonomic}
   size_t MaxHeapSize                              = 4167041024                                {product} {ergonomic}
   size_t MaxNewSize                               = 2499805184                                {product} {ergonomic}
   size_t MinHeapDeltaBytes                        = 2097152                                   {product} {ergonomic}
   size_t MinHeapSize                              = 8388608                                   {product} {ergonomic}
    uintx NonNMethodCodeHeapSize                   = 7602480                                {pd product} {ergonomic}
    uintx NonProfiledCodeHeapSize                  = 122027880                              {pd product} {ergonomic}
    uintx ProfiledCodeHeapSize                     = 122027880                              {pd product} {ergonomic}
    uintx ReservedCodeCacheSize                    = 251658240                              {pd product} {ergonomic}
     bool SegmentedCodeCache                       = true                                      {product} {ergonomic}
   size_t SoftMaxHeapSize                          = 4167041024                             {manageable} {ergonomic}
     bool UseCompressedOops                        = true                           {product lp64_product} {ergonomic}
     bool UseG1GC                                  = true                                      {product} {ergonomic}
     bool UseLargePagesIndividualAllocation        = false                                  {pd product} {ergonomic}

Logging:
Log output configuration:
 #0: stdout all=warning uptime,level,tags foldmultilines=false
 #1: stderr all=off uptime,level,tags foldmultilines=false

Environment Variables:
JAVA_HOME=C:\Users\danis\.jdks\temurin-21.0.8
PATH=C:\Program Files\NVIDIA GPU Computing Toolkit\CUDA\v12.4\bin;C:\Program Files\NVIDIA GPU Computing Toolkit\CUDA\v12.4\libnvvp;;;;C:\Windows\system32;C:\Windows;C:\Windows\System32\Wbem;C:\Windows\System32\WindowsPowerShell\v1.0\;C:\Windows\System32\OpenSSH\;C:\Program Files\dotnet\;C:\Program Files\Git\cmd;C:\Program Files (x86)\NVIDIA Corporation\PhysX\Common;C:\Program Files\NVIDIA Corporation\Nsight Compute 2024.1.0\;C:\Program Files\NVIDIA Corporation\NVIDIA NvDLISR;C:\Users\danis\AppData\Local\Programs\Python\Launcher\;C:\Users\danis\AppData\Local\Microsoft\WindowsApps;C:\Users\danis\AppData\Local\Programs\Microsoft VS Code\bin;C:\Program Files\NVIDIA\CUDNN\v9.12\bin\12.9;JAVA_HOME\bin;C:\software\apache-maven-3.9.11-bin\apache-maven-3.9.11\bin;C:\Users\danis\AppData\Local\GitHubDesktop\bin
USERNAME=danis
OS=Windows_NT
PROCESSOR_IDENTIFIER=Intel64 Family 6 Model 170 Stepping 4, GenuineIntel
TMP=C:\Users\danis\AppData\Local\Temp
TEMP=C:\Users\danis\AppData\Local\Temp




Periodic native trim disabled

---------------  S Y S T E M  ---------------

OS:
 Windows 11 , 64 bit Build 26100 (10.0.26100.7019)
OS uptime: 0 days 19:55 hours
Hyper-V role detected

CPU: total 22 (initial active 22) (11 cores per cpu, 2 threads per core) family 6 model 170 stepping 4 microcode 0x24, cx8, cmov, fxsr, ht, mmx, 3dnowpref, sse, sse2, sse3, ssse3, sse4.1, sse4.2, popcnt, lzcnt, tsc, tscinvbit, avx, avx2, aes, erms, clmul, bmi1, bmi2, adx, sha, fma, vzeroupper, clflush, clflushopt, clwb, hv, serialize, rdtscp, rdpid, fsrm, f16c, cet_ibt, cet_ss
Processor Information for processor 0
  Max Mhz: 1400, Current Mhz: 1400, Mhz Limit: 1400
Processor Information for processor 1
  Max Mhz: 1400, Current Mhz: 1400, Mhz Limit: 1400
Processor Information for processor 2
  Max Mhz: 900, Current Mhz: 900, Mhz Limit: 900
Processor Information for processor 3
  Max Mhz: 900, Current Mhz: 900, Mhz Limit: 900
Processor Information for processor 4
  Max Mhz: 900, Current Mhz: 900, Mhz Limit: 900
Processor Information for processor 5
  Max Mhz: 900, Current Mhz: 900, Mhz Limit: 900
Processor Information for processor 6
  Max Mhz: 900, Current Mhz: 900, Mhz Limit: 900
Processor Information for processor 7
  Max Mhz: 900, Current Mhz: 900, Mhz Limit: 900
Processor Information for processor 8
  Max Mhz: 900, Current Mhz: 900, Mhz Limit: 900
Processor Information for processor 9
  Max Mhz: 900, Current Mhz: 900, Mhz Limit: 900
Processor Information for processor 10
  Max Mhz: 1400, Current Mhz: 1400, Mhz Limit: 1400
Processor Information for processor 11
  Max Mhz: 1400, Current Mhz: 1400, Mhz Limit: 1400
Processor Information for processor 12
  Max Mhz: 1400, Current Mhz: 1400, Mhz Limit: 1400
Processor Information for processor 13
  Max Mhz: 1400, Current Mhz: 1400, Mhz Limit: 1400
Processor Information for processor 14
  Max Mhz: 1400, Current Mhz: 1400, Mhz Limit: 1400
Processor Information for processor 15
  Max Mhz: 1400, Current Mhz: 1400, Mhz Limit: 1400
Processor Information for processor 16
  Max Mhz: 1400, Current Mhz: 1400, Mhz Limit: 1400
Processor Information for processor 17
  Max Mhz: 1400, Current Mhz: 1400, Mhz Limit: 1400
Processor Information for processor 18
  Max Mhz: 1400, Current Mhz: 1400, Mhz Limit: 1400
Processor Information for processor 19
  Max Mhz: 1400, Current Mhz: 1400, Mhz Limit: 1400
Processor Information for processor 20
  Max Mhz: 700, Current Mhz: 700, Mhz Limit: 700
Processor Information for processor 21
  Max Mhz: 700, Current Mhz: 700, Mhz Limit: 700

Memory: 4k page, system-wide physical 15892M (2716M free)
TotalPageFile size 35348M (AvailPageFile size 15997M)
current process WorkingSet (physical memory assigned to process): 523M, peak: 602M
current process commit charge ("private bytes"): 801M, peak: 908M

vm_info: OpenJDK 64-Bit Server VM (21.0.8+9-LTS) for windows-amd64 JRE (21.0.8+9-LTS), built on 2025-07-15T00:00:00Z by "admin" with MS VC++ 17.7 (VS2022)

END.
